mode: set
github.com/t-rex-xp/openwrt-packages/mcudd/internal/daemon/engine.go:26.43,26.44 0 1
github.com/t-rex-xp/openwrt-packages/mcudd/internal/daemon/engine.go:27.43,27.44 0 1
github.com/t-rex-xp/openwrt-packages/mcudd/internal/daemon/engine.go:28.43,28.44 0 1
github.com/t-rex-xp/openwrt-packages/mcudd/internal/daemon/engine.go:48.65,57.2 1 1
github.com/t-rex-xp/openwrt-packages/mcudd/internal/daemon/engine.go:59.34,60.40 1 1
github.com/t-rex-xp/openwrt-packages/mcudd/internal/daemon/engine.go:60.40,62.3 1 1
github.com/t-rex-xp/openwrt-packages/mcudd/internal/daemon/engine.go:63.2,63.19 1 1
github.com/t-rex-xp/openwrt-packages/mcudd/internal/daemon/engine.go:66.42,67.23 1 1
github.com/t-rex-xp/openwrt-packages/mcudd/internal/daemon/engine.go:67.23,69.3 1 0
github.com/t-rex-xp/openwrt-packages/mcudd/internal/daemon/engine.go:70.2,70.36 1 1
github.com/t-rex-xp/openwrt-packages/mcudd/internal/daemon/engine.go:73.34,76.16 3 1
github.com/t-rex-xp/openwrt-packages/mcudd/internal/daemon/engine.go:76.16,78.3 1 0
github.com/t-rex-xp/openwrt-packages/mcudd/internal/daemon/engine.go:79.2,79.36 1 1
github.com/t-rex-xp/openwrt-packages/mcudd/internal/daemon/engine.go:79.36,81.3 1 0
github.com/t-rex-xp/openwrt-packages/mcudd/internal/daemon/engine.go:82.2,83.16 2 1
github.com/t-rex-xp/openwrt-packages/mcudd/internal/daemon/engine.go:83.16,85.3 1 0
github.com/t-rex-xp/openwrt-packages/mcudd/internal/daemon/engine.go:86.2,86.36 1 1
github.com/t-rex-xp/openwrt-packages/mcudd/internal/daemon/engine.go:86.36,88.3 1 0
github.com/t-rex-xp/openwrt-packages/mcudd/internal/daemon/engine.go:89.2,89.54 1 1
github.com/t-rex-xp/openwrt-packages/mcudd/internal/daemon/engine.go:89.54,91.3 1 0
github.com/t-rex-xp/openwrt-packages/mcudd/internal/daemon/engine.go:92.2,93.65 2 1
github.com/t-rex-xp/openwrt-packages/mcudd/internal/daemon/engine.go:93.65,95.3 1 0
github.com/t-rex-xp/openwrt-packages/mcudd/internal/daemon/engine.go:96.2,96.36 1 1
github.com/t-rex-xp/openwrt-packages/mcudd/internal/daemon/engine.go:96.36,98.3 1 0
github.com/t-rex-xp/openwrt-packages/mcudd/internal/daemon/engine.go:99.2,99.22 1 1
github.com/t-rex-xp/openwrt-packages/mcudd/internal/daemon/engine.go:102.36,104.59 2 1
github.com/t-rex-xp/openwrt-packages/mcudd/internal/daemon/engine.go:104.59,106.3 1 1
github.com/t-rex-xp/openwrt-packages/mcudd/internal/daemon/engine.go:107.2,107.37 1 1
github.com/t-rex-xp/openwrt-packages/mcudd/internal/daemon/engine.go:107.37,109.3 1 0
github.com/t-rex-xp/openwrt-packages/mcudd/internal/daemon/engine.go:110.2,110.44 1 1
github.com/t-rex-xp/openwrt-packages/mcudd/internal/daemon/engine.go:113.35,116.16 3 1
github.com/t-rex-xp/openwrt-packages/mcudd/internal/daemon/engine.go:116.16,118.3 1 0
github.com/t-rex-xp/openwrt-packages/mcudd/internal/daemon/engine.go:119.2,119.20 1 1
github.com/t-rex-xp/openwrt-packages/mcudd/internal/daemon/engine.go:122.57,124.23 2 1
github.com/t-rex-xp/openwrt-packages/mcudd/internal/daemon/engine.go:124.23,126.3 1 1
github.com/t-rex-xp/openwrt-packages/mcudd/internal/daemon/engine.go:127.2,128.16 2 1
github.com/t-rex-xp/openwrt-packages/mcudd/internal/daemon/engine.go:128.16,130.3 1 1
github.com/t-rex-xp/openwrt-packages/mcudd/internal/daemon/engine.go:131.2,131.36 1 1
github.com/t-rex-xp/openwrt-packages/mcudd/internal/daemon/engine.go:131.36,133.3 1 0
github.com/t-rex-xp/openwrt-packages/mcudd/internal/daemon/engine.go:134.2,136.12 3 1
github.com/t-rex-xp/openwrt-packages/mcudd/internal/daemon/engine.go:139.48,141.9 2 1
github.com/t-rex-xp/openwrt-packages/mcudd/internal/daemon/engine.go:141.9,144.3 2 1
github.com/t-rex-xp/openwrt-packages/mcudd/internal/daemon/engine.go:145.2,145.18 1 1
github.com/t-rex-xp/openwrt-packages/mcudd/internal/daemon/engine.go:146.21,147.39 1 1
github.com/t-rex-xp/openwrt-packages/mcudd/internal/daemon/engine.go:148.21,149.38 1 1
github.com/t-rex-xp/openwrt-packages/mcudd/internal/daemon/engine.go:150.21,151.22 1 1
github.com/t-rex-xp/openwrt-packages/mcudd/internal/daemon/engine.go:152.22,153.23 1 1
github.com/t-rex-xp/openwrt-packages/mcudd/internal/daemon/engine.go:154.23,155.42 1 1
github.com/t-rex-xp/openwrt-packages/mcudd/internal/daemon/engine.go:156.24,157.45 1 1
github.com/t-rex-xp/openwrt-packages/mcudd/internal/daemon/engine.go:157.45,159.4 1 0
github.com/t-rex-xp/openwrt-packages/mcudd/internal/daemon/engine.go:160.3,160.50 1 1
github.com/t-rex-xp/openwrt-packages/mcudd/internal/daemon/engine.go:161.24,164.17 3 1
github.com/t-rex-xp/openwrt-packages/mcudd/internal/daemon/engine.go:164.17,166.4 1 0
github.com/t-rex-xp/openwrt-packages/mcudd/internal/daemon/engine.go:167.3,167.21 1 1
github.com/t-rex-xp/openwrt-packages/mcudd/internal/daemon/engine.go:168.21,171.17 3 1
github.com/t-rex-xp/openwrt-packages/mcudd/internal/daemon/engine.go:171.17,173.4 1 0
github.com/t-rex-xp/openwrt-packages/mcudd/internal/daemon/engine.go:174.3,174.21 1 1
github.com/t-rex-xp/openwrt-packages/mcudd/internal/daemon/engine.go:175.21,178.17 3 1
github.com/t-rex-xp/openwrt-packages/mcudd/internal/daemon/engine.go:178.17,180.4 1 0
github.com/t-rex-xp/openwrt-packages/mcudd/internal/daemon/engine.go:181.3,181.21 1 1
github.com/t-rex-xp/openwrt-packages/mcudd/internal/daemon/engine.go:182.10,183.13 1 0
github.com/t-rex-xp/openwrt-packages/mcudd/internal/daemon/engine.go:187.56,191.2 3 1
github.com/t-rex-xp/openwrt-packages/mcudd/internal/daemon/engine.go:193.50,194.23 1 1
github.com/t-rex-xp/openwrt-packages/mcudd/internal/daemon/engine.go:194.23,196.3 1 1
github.com/t-rex-xp/openwrt-packages/mcudd/internal/daemon/engine.go:197.2,198.16 2 1
github.com/t-rex-xp/openwrt-packages/mcudd/internal/daemon/engine.go:198.16,201.3 2 1
github.com/t-rex-xp/openwrt-packages/mcudd/internal/daemon/engine.go:202.2,202.18 1 1
github.com/t-rex-xp/openwrt-packages/mcudd/internal/daemon/engine.go:203.26,204.43 1 1
github.com/t-rex-xp/openwrt-packages/mcudd/internal/daemon/engine.go:205.23,209.39 4 1
github.com/t-rex-xp/openwrt-packages/mcudd/internal/daemon/engine.go:210.23,213.39 3 1
github.com/t-rex-xp/openwrt-packages/mcudd/internal/daemon/engine.go:214.19,215.31 1 1
github.com/t-rex-xp/openwrt-packages/mcudd/internal/daemon/engine.go:215.31,218.4 2 1
github.com/t-rex-xp/openwrt-packages/mcudd/internal/daemon/engine.go:219.3,221.37 3 1
github.com/t-rex-xp/openwrt-packages/mcudd/internal/daemon/engine.go:221.37,223.4 1 1
github.com/t-rex-xp/openwrt-packages/mcudd/internal/daemon/engine.go:224.3,224.13 1 1
github.com/t-rex-xp/openwrt-packages/mcudd/internal/daemon/engine.go:225.24,226.90 1 1
github.com/t-rex-xp/openwrt-packages/mcudd/internal/daemon/engine.go:227.27,228.42 1 1
github.com/t-rex-xp/openwrt-packages/mcudd/internal/daemon/engine.go:229.42,231.17 2 1
github.com/t-rex-xp/openwrt-packages/mcudd/internal/daemon/engine.go:231.17,233.4 1 0
github.com/t-rex-xp/openwrt-packages/mcudd/internal/daemon/engine.go:234.3,235.17 2 1
github.com/t-rex-xp/openwrt-packages/mcudd/internal/daemon/engine.go:235.17,237.4 1 0
github.com/t-rex-xp/openwrt-packages/mcudd/internal/daemon/engine.go:238.3,238.21 1 1
github.com/t-rex-xp/openwrt-packages/mcudd/internal/daemon/engine.go:239.10,240.13 1 0
github.com/t-rex-xp/openwrt-packages/mcudd/internal/daemon/engine.go:244.35,245.6 1 1
github.com/t-rex-xp/openwrt-packages/mcudd/internal/daemon/engine.go:245.6,247.17 2 1
github.com/t-rex-xp/openwrt-packages/mcudd/internal/daemon/engine.go:247.17,249.4 1 0
github.com/t-rex-xp/openwrt-packages/mcudd/internal/daemon/engine.go:250.3,250.29 1 1
github.com/t-rex-xp/openwrt-packages/mcudd/internal/daemon/engine.go:250.29,251.27 1 1
github.com/t-rex-xp/openwrt-packages/mcudd/internal/daemon/engine.go:251.27,252.13 1 0
github.com/t-rex-xp/openwrt-packages/mcudd/internal/daemon/engine.go:254.4,256.50 3 1
github.com/t-rex-xp/openwrt-packages/mcudd/internal/daemon/engine.go:258.3,258.44 1 1
github.com/t-rex-xp/openwrt-packages/mcudd/internal/daemon/engine.go:258.44,261.12 3 1
github.com/t-rex-xp/openwrt-packages/mcudd/internal/daemon/engine.go:263.3,263.35 1 1
