mode: set
github.com/t-rex-xp/openwrt-packages/mcudd/internal/rdcp/build.go:11.62,12.20 1 1
github.com/t-rex-xp/openwrt-packages/mcudd/internal/rdcp/build.go:12.20,14.3 1 1
github.com/t-rex-xp/openwrt-packages/mcudd/internal/rdcp/build.go:15.2,15.15 1 1
github.com/t-rex-xp/openwrt-packages/mcudd/internal/rdcp/build.go:15.15,17.3 1 0
github.com/t-rex-xp/openwrt-packages/mcudd/internal/rdcp/build.go:18.2,18.109 1 1
github.com/t-rex-xp/openwrt-packages/mcudd/internal/rdcp/build.go:21.54,23.2 1 1
github.com/t-rex-xp/openwrt-packages/mcudd/internal/rdcp/build.go:25.46,26.36 1 1
github.com/t-rex-xp/openwrt-packages/mcudd/internal/rdcp/build.go:26.36,28.3 1 1
github.com/t-rex-xp/openwrt-packages/mcudd/internal/rdcp/build.go:29.2,29.82 1 0
github.com/t-rex-xp/openwrt-packages/mcudd/internal/rdcp/build.go:32.66,33.31 1 1
github.com/t-rex-xp/openwrt-packages/mcudd/internal/rdcp/build.go:33.31,35.3 1 1
github.com/t-rex-xp/openwrt-packages/mcudd/internal/rdcp/build.go:36.2,36.15 1 0
github.com/t-rex-xp/openwrt-packages/mcudd/internal/rdcp/build.go:36.15,38.3 1 0
github.com/t-rex-xp/openwrt-packages/mcudd/internal/rdcp/build.go:39.2,39.120 1 0
github.com/t-rex-xp/openwrt-packages/mcudd/internal/rdcp/build.go:42.68,43.16 1 1
github.com/t-rex-xp/openwrt-packages/mcudd/internal/rdcp/build.go:43.16,45.3 1 1
github.com/t-rex-xp/openwrt-packages/mcudd/internal/rdcp/build.go:46.2,46.135 1 1
github.com/t-rex-xp/openwrt-packages/mcudd/internal/rdcp/build.go:49.30,52.2 1 1
github.com/t-rex-xp/openwrt-packages/mcudd/internal/rdcp/build.go:54.47,55.13 1 1
github.com/t-rex-xp/openwrt-packages/mcudd/internal/rdcp/build.go:55.13,57.3 1 1
github.com/t-rex-xp/openwrt-packages/mcudd/internal/rdcp/build.go:58.2,58.73 1 0
github.com/t-rex-xp/openwrt-packages/mcudd/internal/rdcp/build.go:61.44,62.13 1 1
github.com/t-rex-xp/openwrt-packages/mcudd/internal/rdcp/build.go:62.13,64.3 1 0
github.com/t-rex-xp/openwrt-packages/mcudd/internal/rdcp/build.go:65.2,65.70 1 1
github.com/t-rex-xp/openwrt-packages/mcudd/internal/rdcp/build.go:68.48,69.16 1 1
github.com/t-rex-xp/openwrt-packages/mcudd/internal/rdcp/build.go:69.16,71.3 1 1
github.com/t-rex-xp/openwrt-packages/mcudd/internal/rdcp/build.go:72.2,76.16 2 1
github.com/t-rex-xp/openwrt-packages/mcudd/internal/rdcp/build.go:76.16,78.3 1 0
github.com/t-rex-xp/openwrt-packages/mcudd/internal/rdcp/build.go:79.2,79.23 1 1
github.com/t-rex-xp/openwrt-packages/mcudd/internal/rdcp/build.go:83.66,85.41 2 1
github.com/t-rex-xp/openwrt-packages/mcudd/internal/rdcp/build.go:85.41,86.41 1 1
github.com/t-rex-xp/openwrt-packages/mcudd/internal/rdcp/build.go:86.41,88.4 1 1
github.com/t-rex-xp/openwrt-packages/mcudd/internal/rdcp/build.go:89.3,89.85 1 1
github.com/t-rex-xp/openwrt-packages/mcudd/internal/rdcp/build.go:91.2,91.19 1 1
github.com/t-rex-xp/openwrt-packages/mcudd/internal/rdcp/build.go:91.19,93.3 1 0
github.com/t-rex-xp/openwrt-packages/mcudd/internal/rdcp/build.go:94.2,94.21 1 1
github.com/t-rex-xp/openwrt-packages/mcudd/internal/rdcp/parse.go:37.42,39.16 2 1
github.com/t-rex-xp/openwrt-packages/mcudd/internal/rdcp/parse.go:39.16,41.3 1 1
github.com/t-rex-xp/openwrt-packages/mcudd/internal/rdcp/parse.go:43.2,44.86 2 1
github.com/t-rex-xp/openwrt-packages/mcudd/internal/rdcp/parse.go:44.86,46.25 2 1
github.com/t-rex-xp/openwrt-packages/mcudd/internal/rdcp/parse.go:46.25,48.4 1 1
github.com/t-rex-xp/openwrt-packages/mcudd/internal/rdcp/parse.go:49.3,49.60 1 1
github.com/t-rex-xp/openwrt-packages/mcudd/internal/rdcp/parse.go:52.2,53.61 2 1
github.com/t-rex-xp/openwrt-packages/mcudd/internal/rdcp/parse.go:53.61,55.3 1 1
github.com/t-rex-xp/openwrt-packages/mcudd/internal/rdcp/parse.go:56.2,56.35 1 1
github.com/t-rex-xp/openwrt-packages/mcudd/internal/rdcp/parse.go:56.35,58.3 1 1
github.com/t-rex-xp/openwrt-packages/mcudd/internal/rdcp/parse.go:60.2,62.25 3 1
github.com/t-rex-xp/openwrt-packages/mcudd/internal/rdcp/parse.go:62.25,64.3 1 1
github.com/t-rex-xp/openwrt-packages/mcudd/internal/rdcp/parse.go:65.2,65.18 1 1
github.com/t-rex-xp/openwrt-packages/mcudd/internal/rdcp/parse.go:65.18,67.3 1 1
github.com/t-rex-xp/openwrt-packages/mcudd/internal/rdcp/parse.go:69.2,69.17 1 1
github.com/t-rex-xp/openwrt-packages/mcudd/internal/rdcp/parse.go:70.13,72.17 2 1
github.com/t-rex-xp/openwrt-packages/mcudd/internal/rdcp/parse.go:73.18,75.23 2 1
github.com/t-rex-xp/openwrt-packages/mcudd/internal/rdcp/parse.go:75.23,77.5 1 1
github.com/t-rex-xp/openwrt-packages/mcudd/internal/rdcp/parse.go:78.4,79.30 2 1
github.com/t-rex-xp/openwrt-packages/mcudd/internal/rdcp/parse.go:79.30,81.5 1 1
github.com/t-rex-xp/openwrt-packages/mcudd/internal/rdcp/parse.go:82.19,83.29 1 1
github.com/t-rex-xp/openwrt-packages/mcudd/internal/rdcp/parse.go:84.26,84.26 0 1
github.com/t-rex-xp/openwrt-packages/mcudd/internal/rdcp/parse.go:86.11,87.50 1 1
github.com/t-rex-xp/openwrt-packages/mcudd/internal/rdcp/parse.go:89.13,90.39 1 1
github.com/t-rex-xp/openwrt-packages/mcudd/internal/rdcp/parse.go:90.39,92.26 2 1
github.com/t-rex-xp/openwrt-packages/mcudd/internal/rdcp/parse.go:92.26,94.5 1 0
github.com/t-rex-xp/openwrt-packages/mcudd/internal/rdcp/parse.go:94.10,96.5 1 1
github.com/t-rex-xp/openwrt-packages/mcudd/internal/rdcp/parse.go:97.9,99.4 1 1
github.com/t-rex-xp/openwrt-packages/mcudd/internal/rdcp/parse.go:100.13,101.19 1 1
github.com/t-rex-xp/openwrt-packages/mcudd/internal/rdcp/parse.go:102.17,105.24 3 1
github.com/t-rex-xp/openwrt-packages/mcudd/internal/rdcp/parse.go:105.24,107.5 1 0
github.com/t-rex-xp/openwrt-packages/mcudd/internal/rdcp/parse.go:108.18,114.30 6 1
github.com/t-rex-xp/openwrt-packages/mcudd/internal/rdcp/parse.go:114.30,116.5 1 1
github.com/t-rex-xp/openwrt-packages/mcudd/internal/rdcp/parse.go:117.4,117.34 1 1
github.com/t-rex-xp/openwrt-packages/mcudd/internal/rdcp/parse.go:117.34,119.5 1 1
github.com/t-rex-xp/openwrt-packages/mcudd/internal/rdcp/parse.go:120.4,120.31 1 1
github.com/t-rex-xp/openwrt-packages/mcudd/internal/rdcp/parse.go:120.31,122.5 1 1
github.com/t-rex-xp/openwrt-packages/mcudd/internal/rdcp/parse.go:123.4,123.28 1 1
github.com/t-rex-xp/openwrt-packages/mcudd/internal/rdcp/parse.go:123.28,125.5 1 1
github.com/t-rex-xp/openwrt-packages/mcudd/internal/rdcp/parse.go:126.4,126.57 1 1
github.com/t-rex-xp/openwrt-packages/mcudd/internal/rdcp/parse.go:126.57,128.5 1 1
github.com/t-rex-xp/openwrt-packages/mcudd/internal/rdcp/parse.go:129.15,132.26 3 1
github.com/t-rex-xp/openwrt-packages/mcudd/internal/rdcp/parse.go:132.26,134.5 1 0
github.com/t-rex-xp/openwrt-packages/mcudd/internal/rdcp/parse.go:135.16,136.42 1 1
github.com/t-rex-xp/openwrt-packages/mcudd/internal/rdcp/parse.go:136.42,138.5 1 1
github.com/t-rex-xp/openwrt-packages/mcudd/internal/rdcp/parse.go:139.4,141.28 3 1
github.com/t-rex-xp/openwrt-packages/mcudd/internal/rdcp/parse.go:141.28,142.48 1 1
github.com/t-rex-xp/openwrt-packages/mcudd/internal/rdcp/parse.go:142.48,144.6 1 0
github.com/t-rex-xp/openwrt-packages/mcudd/internal/rdcp/parse.go:144.11,146.6 1 1
github.com/t-rex-xp/openwrt-packages/mcudd/internal/rdcp/parse.go:148.11,149.50 1 1
github.com/t-rex-xp/openwrt-packages/mcudd/internal/rdcp/parse.go:151.10,152.53 1 1
github.com/t-rex-xp/openwrt-packages/mcudd/internal/rdcp/parse.go:155.2,155.17 1 1
github.com/t-rex-xp/openwrt-packages/mcudd/internal/rdcp/parse.go:158.48,160.59 2 1
github.com/t-rex-xp/openwrt-packages/mcudd/internal/rdcp/parse.go:160.59,162.3 1 0
github.com/t-rex-xp/openwrt-packages/mcudd/internal/rdcp/parse.go:163.2,163.32 1 1
github.com/t-rex-xp/openwrt-packages/mcudd/internal/rdcp/parse.go:163.32,165.40 2 1
github.com/t-rex-xp/openwrt-packages/mcudd/internal/rdcp/parse.go:165.40,166.30 1 1
github.com/t-rex-xp/openwrt-packages/mcudd/internal/rdcp/parse.go:166.30,168.5 1 0
github.com/t-rex-xp/openwrt-packages/mcudd/internal/rdcp/parse.go:171.2,171.29 1 1
github.com/t-rex-xp/openwrt-packages/mcudd/internal/rdcp/parse.go:171.29,173.37 2 0
github.com/t-rex-xp/openwrt-packages/mcudd/internal/rdcp/parse.go:173.37,175.4 1 0
github.com/t-rex-xp/openwrt-packages/mcudd/internal/rdcp/parse.go:177.2,177.11 1 1
github.com/t-rex-xp/openwrt-packages/mcudd/internal/rdcp/parse.go:180.44,182.13 2 1
github.com/t-rex-xp/openwrt-packages/mcudd/internal/rdcp/parse.go:182.13,185.48 2 1
github.com/t-rex-xp/openwrt-packages/mcudd/internal/rdcp/parse.go:185.48,186.34 1 1
github.com/t-rex-xp/openwrt-packages/mcudd/internal/rdcp/parse.go:186.34,188.42 2 1
github.com/t-rex-xp/openwrt-packages/mcudd/internal/rdcp/parse.go:188.42,189.32 1 1
github.com/t-rex-xp/openwrt-packages/mcudd/internal/rdcp/parse.go:189.32,192.7 2 0
github.com/t-rex-xp/openwrt-packages/mcudd/internal/rdcp/parse.go:196.3,196.11 1 1
github.com/t-rex-xp/openwrt-packages/mcudd/internal/rdcp/parse.go:198.2,199.16 2 0
github.com/t-rex-xp/openwrt-packages/mcudd/internal/rdcp/scope.go:5.32,6.11 1 1
github.com/t-rex-xp/openwrt-packages/mcudd/internal/rdcp/scope.go:7.19,8.18 1 0
github.com/t-rex-xp/openwrt-packages/mcudd/internal/rdcp/scope.go:9.20,10.19 1 1
github.com/t-rex-xp/openwrt-packages/mcudd/internal/rdcp/scope.go:11.20,12.19 1 0
github.com/t-rex-xp/openwrt-packages/mcudd/internal/rdcp/scope.go:13.19,14.18 1 0
github.com/t-rex-xp/openwrt-packages/mcudd/internal/rdcp/scope.go:15.20,16.19 1 0
github.com/t-rex-xp/openwrt-packages/mcudd/internal/rdcp/scope.go:17.17,18.16 1 0
github.com/t-rex-xp/openwrt-packages/mcudd/internal/rdcp/scope.go:19.21,20.20 1 0
github.com/t-rex-xp/openwrt-packages/mcudd/internal/rdcp/scope.go:21.10,22.12 1 1
github.com/t-rex-xp/openwrt-packages/mcudd/internal/rdcp/scope.go:26.39,27.14 1 1
github.com/t-rex-xp/openwrt-packages/mcudd/internal/rdcp/scope.go:28.23,29.21 1 1
github.com/t-rex-xp/openwrt-packages/mcudd/internal/rdcp/scope.go:30.17,31.22 1 1
github.com/t-rex-xp/openwrt-packages/mcudd/internal/rdcp/scope.go:32.17,33.22 1 0
github.com/t-rex-xp/openwrt-packages/mcudd/internal/rdcp/scope.go:34.16,35.21 1 0
github.com/t-rex-xp/openwrt-packages/mcudd/internal/rdcp/scope.go:36.17,37.22 1 0
github.com/t-rex-xp/openwrt-packages/mcudd/internal/rdcp/scope.go:38.14,39.19 1 0
github.com/t-rex-xp/openwrt-packages/mcudd/internal/rdcp/scope.go:40.18,41.23 1 0
github.com/t-rex-xp/openwrt-packages/mcudd/internal/rdcp/scope.go:42.10,43.19 1 1
github.com/t-rex-xp/openwrt-packages/mcudd/internal/rdcp/scope.go:47.45,48.18 1 1
github.com/t-rex-xp/openwrt-packages/mcudd/internal/rdcp/scope.go:49.24,50.22 1 0
github.com/t-rex-xp/openwrt-packages/mcudd/internal/rdcp/scope.go:51.24,52.22 1 0
github.com/t-rex-xp/openwrt-packages/mcudd/internal/rdcp/scope.go:53.24,54.22 1 0
github.com/t-rex-xp/openwrt-packages/mcudd/internal/rdcp/scope.go:55.21,56.19 1 1
github.com/t-rex-xp/openwrt-packages/mcudd/internal/rdcp/scope.go:57.25,58.23 1 0
github.com/t-rex-xp/openwrt-packages/mcudd/internal/rdcp/scope.go:59.41,60.21 1 0
github.com/t-rex-xp/openwrt-packages/mcudd/internal/rdcp/scope.go:61.10,62.21 1 1
